[NO_PID]: ECPGdebug: set to 1
[NO_PID]: sqlca: code: 0, state: 00000
[NO_PID]: ECPGconnect: opening database ecpg1_regression on <DEFAULT> port <DEFAULT>  
[NO_PID]: sqlca: code: 0, state: 00000
[NO_PID]: ecpg_execute on line 24: query: create table test ( i int primary key , j int , c text ); with 0 parameter(s) on connection ecpg1_regression
[NO_PID]: sqlca: code: 0, state: 00000
[NO_PID]: ecpg_execute on line 24: using PQexec
[NO_PID]: sqlca: code: 0, state: 00000
[NO_PID]: ecpg_process_output on line 24: OK: CREATE TABLE
[NO_PID]: sqlca: code: 0, state: 00000
[NO_PID]: ecpg_execute on line 28: query: insert into test ( i , j , c ) values ( 7 , $1  , 'test   ' ); with 1 parameter(s) on connection ecpg1_regression
[NO_PID]: sqlca: code: 0, state: 00000
[NO_PID]: ecpg_execute on line 28: using PQexecParams
[NO_PID]: sqlca: code: 0, state: 00000
[NO_PID]: ecpg_free_params on line 28: parameter 1 = 0
[NO_PID]: sqlca: code: 0, state: 00000
[NO_PID]: ecpg_process_output on line 28: OK: INSERT 0 1
[NO_PID]: sqlca: code: 0, state: 00000
[NO_PID]: ECPGtrans on line 29: action "commit"; connection "ecpg1_regression"
[NO_PID]: sqlca: code: 0, state: 00000
[NO_PID]: ecpg_execute on line 32: query: insert into test ( i , j , c ) values ( 7 , 12 , 'a' ); with 0 parameter(s) on connection ecpg1_regression
[NO_PID]: sqlca: code: 0, state: 00000
[NO_PID]: ecpg_execute on line 32: using PQexec
[NO_PID]: sqlca: code: 0, state: 00000
[NO_PID]: ecpg_check_PQresult on line 32: bad response - ERROR:  duplicate key value violates unique constraint "test_pkey"
DETAIL:  Key (i)=(7) already exists.
[NO_PID]: sqlca: code: 0, state: 00000
[NO_PID]: raising sqlstate 23505 (sqlcode -239): duplicate key value violates unique constraint "test_pkey" on line 32
[NO_PID]: sqlca: code: -239, state: 23505
[NO_PID]: ECPGtrans on line 34: action "rollback"; connection "ecpg1_regression"
[NO_PID]: sqlca: code: 0, state: 00000
[NO_PID]: ecpg_execute on line 36: query: insert into test ( i , j , c ) values ( $1  , 1 , 'a      ' ); with 1 parameter(s) on connection ecpg1_regression
[NO_PID]: sqlca: code: 0, state: 00000
[NO_PID]: ecpg_execute on line 36: using PQexecParams
[NO_PID]: sqlca: code: 0, state: 00000
[NO_PID]: ecpg_free_params on line 36: parameter 1 = 14
[NO_PID]: sqlca: code: 0, state: 00000
[NO_PID]: ecpg_process_output on line 36: OK: INSERT 0 1
[NO_PID]: sqlca: code: 0, state: 00000
[NO_PID]: ECPGtrans on line 37: action "commit"; connection "ecpg1_regression"
[NO_PID]: sqlca: code: 0, state: 00000
[NO_PID]: ecpg_execute on line 40: query: select i from test where j = ( select j from test ); with 0 parameter(s) on connection ecpg1_regression
[NO_PID]: sqlca: code: 0, state: 00000
[NO_PID]: ecpg_execute on line 40: using PQexec
[NO_PID]: sqlca: code: 0, state: 00000
[NO_PID]: ecpg_check_PQresult on line 40: bad response - ERROR:  more than one row returned by a subquery used as an expression
[NO_PID]: sqlca: code: 0, state: 00000
[NO_PID]: raising sqlstate 21000 (sqlcode -284): more than one row returned by a subquery used as an expression on line 40
[NO_PID]: sqlca: code: -284, state: 21000
[NO_PID]: ECPGtrans on line 41: action "rollback"; connection "ecpg1_regression"
[NO_PID]: sqlca: code: 0, state: 00000
[NO_PID]: ecpg_execute on line 44: query: select i from test where j = ( select j from test order by i limit 1 ); with 0 parameter(s) on connection ecpg1_regression
[NO_PID]: sqlca: code: 0, state: 00000
[NO_PID]: ecpg_execute on line 44: using PQexec
[NO_PID]: sqlca: code: 0, state: 00000
[NO_PID]: ecpg_process_output on line 44: correctly got 1 tuples with 1 fields
[NO_PID]: sqlca: code: 0, state: 00000
[NO_PID]: ecpg_execute on line 95: query: declare c cursor for select * from test where i <= $1 ; with 1 parameter(s) on connection ecpg1_regression
[NO_PID]: sqlca: code: 0, state: 00000
[NO_PID]: ecpg_execute on line 95: using PQexecParams
[NO_PID]: sqlca: code: 0, state: 00000
[NO_PID]: ecpg_free_params on line 95: parameter 1 = 14
[NO_PID]: sqlca: code: 0, state: 00000
[NO_PID]: ecpg_process_output on line 95: OK: DECLARE CURSOR 1
[NO_PID]: sqlca: code: 0, state: 00000
[NO_PID]: ECPGfetch on line 57: fetch/move amount: "1"
[NO_PID]: sqlca: code: 0, state: 00000
[NO_PID]: ECPGfetch on line 57: query: fetch forward c
[NO_PID]: sqlca: code: 0, state: 00000
[NO_PID]: ecpg_cursor_fetch on line 57: ECPGc_forward 1 fetchall 0 current positions: pos 0 atstart 1 atend 0 backend_pos 0 bkatstart 1 bkatend 0 mkbpos_is_last 0 mkbpos 0
[NO_PID]: sqlca: code: 0, state: 00000
[NO_PID]: ecpg_cursor_fetch on line 57: ECPGc_forward/ECPGc_backward 1 backward 0 fetchall 0
[NO_PID]: sqlca: code: 0, state: 00000
[NO_PID]: ecpg_cursor_next_pos on line 57: ECPGc_forward 1 (-1) current positions: pos 0 atstart 1 atend 0 backend_pos 0 bkatstart 1 bkatend 0 mkbpos_is_last 0 mkbpos 0
[NO_PID]: sqlca: code: 0, state: 00000
[NO_PID]: ecpg_cursor_next_pos on line 57: ECPGc_forward set wanted_pos 1
[NO_PID]: sqlca: code: 0, state: 00000
[NO_PID]: ecpg_cursor_next_pos on line 57: ECPGc_forward 1 (-1) prediction wanted_pos 1 next_atstart 0 next_atend 0
[NO_PID]: sqlca: code: 0, state: 00000
[NO_PID]: ecpg_cursor_next_pos on line 57: ECPGc_forward new position is beyond known range
[NO_PID]: sqlca: code: 0, state: 00000
[NO_PID]: ecpg_cursor_execute on line 57: current positions: pos 0 atstart 1 atend 0 backend_pos 0 bkatstart 1 bkatend 0 mkbpos_is_last 0 mkbpos 0
[NO_PID]: sqlca: code: 0, state: 00000
[NO_PID]: ecpg_cursor_execute on line 57: next position: next_pos 1 next_atstart 0 next_atend 0 backward 0
[NO_PID]: sqlca: code: 0, state: 00000
[NO_PID]: ecpg_cursor_execute on line 57: do_fetch bkatstart 1 bkatend 0 backend_pos 0
[NO_PID]: sqlca: code: 0, state: 00000
[NO_PID]: ecpg_execute on line 57: query: fetch forward 1 from c; with 0 parameter(s) on connection ecpg1_regression
[NO_PID]: sqlca: code: 0, state: 00000
[NO_PID]: ecpg_execute on line 57: using PQexec
[NO_PID]: sqlca: code: 0, state: 00000
[NO_PID]: ecpg_cursor_execute on line 57: after fetch ntuples 1 backward 0 bkatstart 1 bkatend 0 backend_pos 0
[NO_PID]: sqlca: code: 0, state: 00000
[NO_PID]: ecpg_cursor_execute on line 57: mkbpos set 1
[NO_PID]: sqlca: code: 0, state: 00000
[NO_PID]: ecpg_cursor_execute on line 57: cache populated start_pos 1 ntuples 1 backward 0 mkbpos 1
[NO_PID]: sqlca: code: 0, state: 00000
[NO_PID]: ecpg_cursor_move on line 57: ECPGc_forward 1 fetchall 0 current positions: pos 0 atstart 1 atend 0 backend_pos 1 bkatstart 0 bkatend 0 mkbpos_is_last 0 mkbpos 1
[NO_PID]: sqlca: code: 0, state: 00000
[NO_PID]: ecpg_cursor_next_pos on line 57: ECPGc_forward 1 (-1) current positions: pos 0 atstart 1 atend 0 backend_pos 1 bkatstart 0 bkatend 0 mkbpos_is_last 0 mkbpos 1
[NO_PID]: sqlca: code: 0, state: 00000
[NO_PID]: ecpg_cursor_next_pos on line 57: ECPGc_forward set wanted_pos 1
[NO_PID]: sqlca: code: 0, state: 00000
[NO_PID]: ecpg_cursor_next_pos on line 57: ECPGc_forward 1 (-1) prediction wanted_pos 1 next_atstart 0 next_atend 0
[NO_PID]: sqlca: code: 0, state: 00000
[NO_PID]: ecpg_cursor_next_pos on line 57: ECPGc_forward new position is in known range
[NO_PID]: sqlca: code: 0, state: 00000
[NO_PID]: ecpg_cursor_move on line 57: final positions: pos 1 atstart 0 atend 0 backend_pos 1 bkatstart 0 bkatend 0 mkbpos_is_last 0 mkbpos 1 return_pos 1
[NO_PID]: sqlca: code: 0, state: 00000
[NO_PID]: ecpg_cursor_fetch on line 57: before ecpg_process_output pos 1 backend_pos 1 cache_start_pos 1 start_idx 0 end_pos 1 cur_amount 1 step 1 cache_step 1 output_step 1
[NO_PID]: sqlca: code: 0, state: 00000
[NO_PID]: ecpg_process_output on line 57: correctly got 1 tuples with 3 fields
[NO_PID]: sqlca: code: 0, state: 00000
[NO_PID]: ecpg_get_data on line 57: RESULT: 7 offset: -1; array: no
[NO_PID]: sqlca: code: 0, state: 00000
[NO_PID]: ecpg_get_data on line 57: RESULT: 0 offset: -1; array: no
[NO_PID]: sqlca: code: 0, state: 00000
[NO_PID]: ecpg_get_data on line 57: RESULT: test    offset: -1; array: no
[NO_PID]: sqlca: code: 0, state: 00000
[NO_PID]: ecpg_cursor_move on line 57: ECPGc_forward 0 fetchall 0 current positions: pos 1 atstart 0 atend 0 backend_pos 1 bkatstart 0 bkatend 0 mkbpos_is_last 0 mkbpos 1
[NO_PID]: sqlca: code: 0, state: 00000
[NO_PID]: ecpg_cursor_next_pos on line 57: ECPGc_forward 0 (-1) current positions: pos 1 atstart 0 atend 0 backend_pos 1 bkatstart 0 bkatend 0 mkbpos_is_last 0 mkbpos 1
[NO_PID]: sqlca: code: 0, state: 00000
[NO_PID]: ecpg_cursor_next_pos on line 57: ECPGc_forward set wanted_pos 1
[NO_PID]: sqlca: code: 0, state: 00000
[NO_PID]: ecpg_cursor_next_pos on line 57: ECPGc_forward 0 (-1) prediction wanted_pos 1 next_atstart 0 next_atend 0
[NO_PID]: sqlca: code: 0, state: 00000
[NO_PID]: ecpg_cursor_next_pos on line 57: ECPGc_forward new position is in known range
[NO_PID]: sqlca: code: 0, state: 00000
[NO_PID]: ecpg_cursor_move on line 57: final positions: pos 1 atstart 0 atend 0 backend_pos 1 bkatstart 0 bkatend 0 mkbpos_is_last 0 mkbpos 1 return_pos 1
[NO_PID]: sqlca: code: 0, state: 00000
[NO_PID]: ecpg_cursor_fetch on line 57: ECPGc_forward return 1 tuples
[NO_PID]: sqlca: code: 0, state: 00000
[NO_PID]: ecpg_cursor_fetch on line 57: final positions: pos 1 atstart 0 atend 0 backend_pos 1 bkatstart 0 bkatend 0 mkbpos_is_last 0 mkbpos 1
[NO_PID]: sqlca: code: 0, state: 00000
[NO_PID]: ECPGfetch on line 57: fetch/move amount: "1"
[NO_PID]: sqlca: code: 0, state: 00000
[NO_PID]: ECPGfetch on line 57: query: fetch forward c
[NO_PID]: sqlca: code: 0, state: 00000
[NO_PID]: ecpg_cursor_fetch on line 57: ECPGc_forward 1 fetchall 0 current positions: pos 1 atstart 0 atend 0 backend_pos 1 bkatstart 0 bkatend 0 mkbpos_is_last 0 mkbpos 1
[NO_PID]: sqlca: code: 0, state: 00000
[NO_PID]: ecpg_cursor_fetch on line 57: ECPGc_forward/ECPGc_backward 1 backward 0 fetchall 0
[NO_PID]: sqlca: code: 0, state: 00000
[NO_PID]: ecpg_cursor_next_pos on line 57: ECPGc_forward 1 (-1) current positions: pos 1 atstart 0 atend 0 backend_pos 1 bkatstart 0 bkatend 0 mkbpos_is_last 0 mkbpos 1
[NO_PID]: sqlca: code: 0, state: 00000
[NO_PID]: ecpg_cursor_next_pos on line 57: ECPGc_forward set wanted_pos 2
[NO_PID]: sqlca: code: 0, state: 00000
[NO_PID]: ecpg_cursor_next_pos on line 57: ECPGc_forward 1 (-1) prediction wanted_pos 2 next_atstart 0 next_atend 0
[NO_PID]: sqlca: code: 0, state: 00000
[NO_PID]: ecpg_cursor_next_pos on line 57: ECPGc_forward new position is beyond known range
[NO_PID]: sqlca: code: 0, state: 00000
[NO_PID]: ecpg_cursor_execute on line 57: current positions: pos 1 atstart 0 atend 0 backend_pos 1 bkatstart 0 bkatend 0 mkbpos_is_last 0 mkbpos 1
[NO_PID]: sqlca: code: 0, state: 00000
[NO_PID]: ecpg_cursor_execute on line 57: next position: next_pos 2 next_atstart 0 next_atend 0 backward 0
[NO_PID]: sqlca: code: 0, state: 00000
[NO_PID]: ecpg_cursor_execute on line 57: start_pos 1 end_pos 1 cur->backward 0 next_pos 2 next_atstart 0 next_atend 0 backward 0
[NO_PID]: sqlca: code: 0, state: 00000
[NO_PID]: ecpg_cursor_execute on line 57: do_fetch bkatstart 0 bkatend 0 backend_pos 1
[NO_PID]: sqlca: code: 0, state: 00000
[NO_PID]: ecpg_execute on line 57: query: fetch forward 1 from c; with 0 parameter(s) on connection ecpg1_regression
[NO_PID]: sqlca: code: 0, state: 00000
[NO_PID]: ecpg_execute on line 57: using PQexec
[NO_PID]: sqlca: code: 0, state: 00000
[NO_PID]: ecpg_cursor_execute on line 57: after fetch ntuples 1 backward 0 bkatstart 0 bkatend 0 backend_pos 1
[NO_PID]: sqlca: code: 0, state: 00000
[NO_PID]: ecpg_cursor_execute on line 57: mkbpos set 2
[NO_PID]: sqlca: code: 0, state: 00000
[NO_PID]: ecpg_cursor_execute on line 57: cache populated start_pos 2 ntuples 1 backward 0 mkbpos 2
[NO_PID]: sqlca: code: 0, state: 00000
[NO_PID]: ecpg_cursor_move on line 57: ECPGc_forward 1 fetchall 0 current positions: pos 1 atstart 0 atend 0 backend_pos 2 bkatstart 0 bkatend 0 mkbpos_is_last 0 mkbpos 2
[NO_PID]: sqlca: code: 0, state: 00000
[NO_PID]: ecpg_cursor_next_pos on line 57: ECPGc_forward 1 (-1) current positions: pos 1 atstart 0 atend 0 backend_pos 2 bkatstart 0 bkatend 0 mkbpos_is_last 0 mkbpos 2
[NO_PID]: sqlca: code: 0, state: 00000
[NO_PID]: ecpg_cursor_next_pos on line 57: ECPGc_forward set wanted_pos 2
[NO_PID]: sqlca: code: 0, state: 00000
[NO_PID]: ecpg_cursor_next_pos on line 57: ECPGc_forward 1 (-1) prediction wanted_pos 2 next_atstart 0 next_atend 0
[NO_PID]: sqlca: code: 0, state: 00000
[NO_PID]: ecpg_cursor_next_pos on line 57: ECPGc_forward new position is in known range
[NO_PID]: sqlca: code: 0, state: 00000
[NO_PID]: ecpg_cursor_move on line 57: final positions: pos 2 atstart 0 atend 0 backend_pos 2 bkatstart 0 bkatend 0 mkbpos_is_last 0 mkbpos 2 return_pos 1
[NO_PID]: sqlca: code: 0, state: 00000
[NO_PID]: ecpg_cursor_fetch on line 57: before ecpg_process_output pos 2 backend_pos 2 cache_start_pos 2 start_idx 0 end_pos 2 cur_amount 1 step 1 cache_step 1 output_step 1
[NO_PID]: sqlca: code: 0, state: 00000
[NO_PID]: ecpg_process_output on line 57: correctly got 1 tuples with 3 fields
[NO_PID]: sqlca: code: 0, state: 00000
[NO_PID]: ecpg_get_data on line 57: RESULT: 14 offset: -1; array: no
[NO_PID]: sqlca: code: 0, state: 00000
[NO_PID]: ecpg_get_data on line 57: RESULT: 1 offset: -1; array: no
[NO_PID]: sqlca: code: 0, state: 00000
[NO_PID]: ecpg_get_data on line 57: RESULT: a       offset: -1; array: no
[NO_PID]: sqlca: code: 0, state: 00000
[NO_PID]: ecpg_cursor_move on line 57: ECPGc_forward 0 fetchall 0 current positions: pos 2 atstart 0 atend 0 backend_pos 2 bkatstart 0 bkatend 0 mkbpos_is_last 0 mkbpos 2
[NO_PID]: sqlca: code: 0, state: 00000
[NO_PID]: ecpg_cursor_next_pos on line 57: ECPGc_forward 0 (-1) current positions: pos 2 atstart 0 atend 0 backend_pos 2 bkatstart 0 bkatend 0 mkbpos_is_last 0 mkbpos 2
[NO_PID]: sqlca: code: 0, state: 00000
[NO_PID]: ecpg_cursor_next_pos on line 57: ECPGc_forward set wanted_pos 2
[NO_PID]: sqlca: code: 0, state: 00000
[NO_PID]: ecpg_cursor_next_pos on line 57: ECPGc_forward 0 (-1) prediction wanted_pos 2 next_atstart 0 next_atend 0
[NO_PID]: sqlca: code: 0, state: 00000
[NO_PID]: ecpg_cursor_next_pos on line 57: ECPGc_forward new position is in known range
[NO_PID]: sqlca: code: 0, state: 00000
[NO_PID]: ecpg_cursor_move on line 57: final positions: pos 2 atstart 0 atend 0 backend_pos 2 bkatstart 0 bkatend 0 mkbpos_is_last 0 mkbpos 2 return_pos 1
[NO_PID]: sqlca: code: 0, state: 00000
[NO_PID]: ecpg_cursor_fetch on line 57: ECPGc_forward return 1 tuples
[NO_PID]: sqlca: code: 0, state: 00000
[NO_PID]: ecpg_cursor_fetch on line 57: final positions: pos 2 atstart 0 atend 0 backend_pos 2 bkatstart 0 bkatend 0 mkbpos_is_last 0 mkbpos 2
[NO_PID]: sqlca: code: 0, state: 00000
[NO_PID]: ECPGfetch on line 57: fetch/move amount: "1"
[NO_PID]: sqlca: code: 0, state: 00000
[NO_PID]: ECPGfetch on line 57: query: fetch forward c
[NO_PID]: sqlca: code: 0, state: 00000
[NO_PID]: ecpg_cursor_fetch on line 57: ECPGc_forward 1 fetchall 0 current positions: pos 2 atstart 0 atend 0 backend_pos 2 bkatstart 0 bkatend 0 mkbpos_is_last 0 mkbpos 2
[NO_PID]: sqlca: code: 0, state: 00000
[NO_PID]: ecpg_cursor_fetch on line 57: ECPGc_forward/ECPGc_backward 1 backward 0 fetchall 0
[NO_PID]: sqlca: code: 0, state: 00000
[NO_PID]: ecpg_cursor_next_pos on line 57: ECPGc_forward 1 (-1) current positions: pos 2 atstart 0 atend 0 backend_pos 2 bkatstart 0 bkatend 0 mkbpos_is_last 0 mkbpos 2
[NO_PID]: sqlca: code: 0, state: 00000
[NO_PID]: ecpg_cursor_next_pos on line 57: ECPGc_forward set wanted_pos 3
[NO_PID]: sqlca: code: 0, state: 00000
[NO_PID]: ecpg_cursor_next_pos on line 57: ECPGc_forward 1 (-1) prediction wanted_pos 3 next_atstart 0 next_atend 0
[NO_PID]: sqlca: code: 0, state: 00000
[NO_PID]: ecpg_cursor_next_pos on line 57: ECPGc_forward new position is beyond known range
[NO_PID]: sqlca: code: 0, state: 00000
[NO_PID]: ecpg_cursor_execute on line 57: current positions: pos 2 atstart 0 atend 0 backend_pos 2 bkatstart 0 bkatend 0 mkbpos_is_last 0 mkbpos 2
[NO_PID]: sqlca: code: 0, state: 00000
[NO_PID]: ecpg_cursor_execute on line 57: next position: next_pos 3 next_atstart 0 next_atend 0 backward 0
[NO_PID]: sqlca: code: 0, state: 00000
[NO_PID]: ecpg_cursor_execute on line 57: start_pos 2 end_pos 2 cur->backward 0 next_pos 3 next_atstart 0 next_atend 0 backward 0
[NO_PID]: sqlca: code: 0, state: 00000
[NO_PID]: ecpg_cursor_execute on line 57: do_fetch bkatstart 0 bkatend 0 backend_pos 2
[NO_PID]: sqlca: code: 0, state: 00000
[NO_PID]: ecpg_execute on line 57: query: fetch forward 1 from c; with 0 parameter(s) on connection ecpg1_regression
[NO_PID]: sqlca: code: 0, state: 00000
[NO_PID]: ecpg_execute on line 57: using PQexec
[NO_PID]: sqlca: code: 0, state: 00000
[NO_PID]: ecpg_cursor_execute on line 57: after fetch ntuples 0 backward 0 bkatstart 0 bkatend 0 backend_pos 2
[NO_PID]: sqlca: code: 0, state: 00000
[NO_PID]: ecpg_cursor_execute on line 57: mkbpos set 2
[NO_PID]: sqlca: code: 0, state: 00000
[NO_PID]: ecpg_cursor_execute on line 57: mkbpos_is_last is set
[NO_PID]: sqlca: code: 0, state: 00000
[NO_PID]: ecpg_cursor_execute on line 57: cache populated start_pos 3 ntuples 0 backward 0 mkbpos 2
[NO_PID]: sqlca: code: 0, state: 00000
[NO_PID]: ecpg_cursor_move on line 57: ECPGc_forward 1 fetchall 0 current positions: pos 2 atstart 0 atend 0 backend_pos 3 bkatstart 0 bkatend 1 mkbpos_is_last 1 mkbpos 2
[NO_PID]: sqlca: code: 0, state: 00000
[NO_PID]: ecpg_cursor_next_pos on line 57: ECPGc_forward 1 (-1) current positions: pos 2 atstart 0 atend 0 backend_pos 3 bkatstart 0 bkatend 1 mkbpos_is_last 1 mkbpos 2
[NO_PID]: sqlca: code: 0, state: 00000
[NO_PID]: ecpg_cursor_next_pos on line 57: ECPGc_forward set wanted_pos 3
[NO_PID]: sqlca: code: 0, state: 00000
[NO_PID]: ecpg_cursor_next_pos on line 57: ECPGc_forward 1 (-1) prediction wanted_pos 3 next_atstart 0 next_atend 0
[NO_PID]: sqlca: code: 0, state: 00000
[NO_PID]: ecpg_cursor_next_pos on line 57: ECPGc_forward new position is known last position
[NO_PID]: sqlca: code: 0, state: 00000
[NO_PID]: ecpg_cursor_move on line 57: final positions: pos 3 atstart 0 atend 1 backend_pos 3 bkatstart 0 bkatend 1 mkbpos_is_last 1 mkbpos 2 return_pos 0
[NO_PID]: sqlca: code: 0, state: 00000
[NO_PID]: ecpg_cursor_fetch on line 57: ECPGc_forward return 0 tuples
[NO_PID]: sqlca: code: 0, state: 00000
[NO_PID]: raising sqlcode 100 on line 57: no data found on line 57
[NO_PID]: sqlca: code: 100, state: 02000
[NO_PID]: ecpg_execute on line 75: query: delete from test where i = $1  :: decimal; with 1 parameter(s) on connection ecpg1_regression
[NO_PID]: sqlca: code: 0, state: 00000
[NO_PID]: ecpg_execute on line 75: using PQexecParams
[NO_PID]: sqlca: code: 0, state: 00000
[NO_PID]: ecpg_free_params on line 75: parameter 1 = 21.0
[NO_PID]: sqlca: code: 0, state: 00000
[NO_PID]: ecpg_process_output on line 75: OK: DELETE 0
[NO_PID]: sqlca: code: 0, state: 00000
[NO_PID]: raising sqlcode 100 on line 75: no data found on line 75
[NO_PID]: sqlca: code: 100, state: 02000
[NO_PID]: ecpg_execute on line 78: query: select 1 from test where i = 14; with 0 parameter(s) on connection ecpg1_regression
[NO_PID]: sqlca: code: 0, state: 00000
[NO_PID]: ecpg_execute on line 78: using PQexec
[NO_PID]: sqlca: code: 0, state: 00000
[NO_PID]: ecpg_process_output on line 78: correctly got 1 tuples with 1 fields
[NO_PID]: sqlca: code: 0, state: 00000
[NO_PID]: ecpg_execute on line 81: query: select 1 from test where i = 147; with 0 parameter(s) on connection ecpg1_regression
[NO_PID]: sqlca: code: 0, state: 00000
[NO_PID]: ecpg_execute on line 81: using PQexec
[NO_PID]: sqlca: code: 0, state: 00000
[NO_PID]: ecpg_process_output on line 81: correctly got 0 tuples with 1 fields
[NO_PID]: sqlca: code: 0, state: 00000
[NO_PID]: raising sqlcode 100 on line 81: no data found on line 81
[NO_PID]: sqlca: code: 100, state: 02000
[NO_PID]: ECPGtrans on line 84: action "commit"; connection "ecpg1_regression"
[NO_PID]: sqlca: code: 0, state: 00000
[NO_PID]: ecpg_execute on line 85: query: drop table test; with 0 parameter(s) on connection ecpg1_regression
[NO_PID]: sqlca: code: 0, state: 00000
[NO_PID]: ecpg_execute on line 85: using PQexec
[NO_PID]: sqlca: code: 0, state: 00000
[NO_PID]: ecpg_process_output on line 85: OK: DROP TABLE
[NO_PID]: sqlca: code: 0, state: 00000
[NO_PID]: ECPGtrans on line 86: action "commit"; connection "ecpg1_regression"
[NO_PID]: sqlca: code: 0, state: 00000
[NO_PID]: ecpg_finish: connection ecpg1_regression closed
[NO_PID]: sqlca: code: 0, state: 00000
