[NO_PID]: ECPGdebug: set to 1
[NO_PID]: sqlca: code: 0, state: 00000
[NO_PID]: ECPGconnect: opening database ecpg1_regression on <DEFAULT> port <DEFAULT>  
[NO_PID]: sqlca: code: 0, state: 00000
[NO_PID]: ecpg_execute on line 78: query: set datestyle to iso; with 0 parameter(s) on connection ecpg1_regression
[NO_PID]: sqlca: code: 0, state: 00000
[NO_PID]: ecpg_execute on line 78: using PQexec
[NO_PID]: sqlca: code: 0, state: 00000
[NO_PID]: ecpg_process_output on line 78: OK: SET
[NO_PID]: sqlca: code: 0, state: 00000
[NO_PID]: ecpg_execute on line 81: query: create table a1 ( id serial primary key , t text , d1 numeric , d2 float8 , c character ( 10 ) ); with 0 parameter(s) on connection ecpg1_regression
[NO_PID]: sqlca: code: 0, state: 00000
[NO_PID]: ecpg_execute on line 81: using PQexec
[NO_PID]: sqlca: code: 0, state: 00000
[NO_PID]: ecpg_process_output on line 81: OK: CREATE TABLE
[NO_PID]: sqlca: code: 0, state: 00000
[NO_PID]: ecpg_execute on line 84: query: insert into a1 ( id , t , d1 , d2 , c ) values ( default , 'a' , 1.0 , 2 , 'a' ); with 0 parameter(s) on connection ecpg1_regression
[NO_PID]: sqlca: code: 0, state: 00000
[NO_PID]: ecpg_execute on line 84: using PQexec
[NO_PID]: sqlca: code: 0, state: 00000
[NO_PID]: ecpg_process_output on line 84: OK: INSERT 0 1
[NO_PID]: sqlca: code: 0, state: 00000
[NO_PID]: ecpg_execute on line 85: query: insert into a1 ( id , t , d1 , d2 , c ) values ( default , null , null , null , null ); with 0 parameter(s) on connection ecpg1_regression
[NO_PID]: sqlca: code: 0, state: 00000
[NO_PID]: ecpg_execute on line 85: using PQexec
[NO_PID]: sqlca: code: 0, state: 00000
[NO_PID]: ecpg_process_output on line 85: OK: INSERT 0 1
[NO_PID]: sqlca: code: 0, state: 00000
[NO_PID]: ecpg_execute on line 86: query: insert into a1 ( id , t , d1 , d2 , c ) values ( default , 'b' , 2.0 , 3 , 'b' ); with 0 parameter(s) on connection ecpg1_regression
[NO_PID]: sqlca: code: 0, state: 00000
[NO_PID]: ecpg_execute on line 86: using PQexec
[NO_PID]: sqlca: code: 0, state: 00000
[NO_PID]: ecpg_process_output on line 86: OK: INSERT 0 1
[NO_PID]: sqlca: code: 0, state: 00000
[NO_PID]: ECPGtrans on line 89: action "commit"; connection "ecpg1_regression"
[NO_PID]: sqlca: code: 0, state: 00000
[NO_PID]: ecpg_execute on line 40: query: declare mycur cursor for select * from a1; with 0 parameter(s) on connection ecpg1_regression
[NO_PID]: sqlca: code: 0, state: 00000
[NO_PID]: ecpg_execute on line 40: using PQexec
[NO_PID]: sqlca: code: 0, state: 00000
[NO_PID]: ecpg_process_output on line 40: OK: DECLARE CURSOR 1
[NO_PID]: sqlca: code: 0, state: 00000
[NO_PID]: ECPGfetch on line 49: fetch/move amount: "1"
[NO_PID]: sqlca: code: 0, state: 00000
[NO_PID]: ECPGfetch on line 49: query: fetch mycur
[NO_PID]: sqlca: code: 0, state: 00000
[NO_PID]: ecpg_cursor_fetch on line 49: ECPGc_forward 1 fetchall 0 current positions: pos 0 atstart 1 atend 0 backend_pos 0 bkatstart 1 bkatend 0 mkbpos_is_last 0 mkbpos 0
[NO_PID]: sqlca: code: 0, state: 00000
[NO_PID]: ecpg_cursor_fetch on line 49: ECPGc_forward/ECPGc_backward 1 backward 0 fetchall 0
[NO_PID]: sqlca: code: 0, state: 00000
[NO_PID]: ecpg_cursor_next_pos on line 49: ECPGc_forward 1 (-1) current positions: pos 0 atstart 1 atend 0 backend_pos 0 bkatstart 1 bkatend 0 mkbpos_is_last 0 mkbpos 0
[NO_PID]: sqlca: code: 0, state: 00000
[NO_PID]: ecpg_cursor_next_pos on line 49: ECPGc_forward set wanted_pos 1
[NO_PID]: sqlca: code: 0, state: 00000
[NO_PID]: ecpg_cursor_next_pos on line 49: ECPGc_forward 1 (-1) prediction wanted_pos 1 next_atstart 0 next_atend 0
[NO_PID]: sqlca: code: 0, state: 00000
[NO_PID]: ecpg_cursor_next_pos on line 49: ECPGc_forward new position is beyond known range
[NO_PID]: sqlca: code: 0, state: 00000
[NO_PID]: ecpg_cursor_execute on line 49: current positions: pos 0 atstart 1 atend 0 backend_pos 0 bkatstart 1 bkatend 0 mkbpos_is_last 0 mkbpos 0
[NO_PID]: sqlca: code: 0, state: 00000
[NO_PID]: ecpg_cursor_execute on line 49: next position: next_pos 1 next_atstart 0 next_atend 0 backward 0
[NO_PID]: sqlca: code: 0, state: 00000
[NO_PID]: ecpg_cursor_execute on line 49: do_fetch bkatstart 1 bkatend 0 backend_pos 0
[NO_PID]: sqlca: code: 0, state: 00000
[NO_PID]: ecpg_execute on line 49: query: fetch forward 1 from mycur; with 0 parameter(s) on connection ecpg1_regression
[NO_PID]: sqlca: code: 0, state: 00000
[NO_PID]: ecpg_execute on line 49: using PQexec
[NO_PID]: sqlca: code: 0, state: 00000
[NO_PID]: ecpg_cursor_execute on line 49: after fetch ntuples 1 backward 0 bkatstart 1 bkatend 0 backend_pos 0
[NO_PID]: sqlca: code: 0, state: 00000
[NO_PID]: ecpg_cursor_execute on line 49: mkbpos set 1
[NO_PID]: sqlca: code: 0, state: 00000
[NO_PID]: ecpg_cursor_execute on line 49: cache populated start_pos 1 ntuples 1 backward 0 mkbpos 1
[NO_PID]: sqlca: code: 0, state: 00000
[NO_PID]: ecpg_cursor_move on line 49: ECPGc_forward 1 fetchall 0 current positions: pos 0 atstart 1 atend 0 backend_pos 1 bkatstart 0 bkatend 0 mkbpos_is_last 0 mkbpos 1
[NO_PID]: sqlca: code: 0, state: 00000
[NO_PID]: ecpg_cursor_next_pos on line 49: ECPGc_forward 1 (-1) current positions: pos 0 atstart 1 atend 0 backend_pos 1 bkatstart 0 bkatend 0 mkbpos_is_last 0 mkbpos 1
[NO_PID]: sqlca: code: 0, state: 00000
[NO_PID]: ecpg_cursor_next_pos on line 49: ECPGc_forward set wanted_pos 1
[NO_PID]: sqlca: code: 0, state: 00000
[NO_PID]: ecpg_cursor_next_pos on line 49: ECPGc_forward 1 (-1) prediction wanted_pos 1 next_atstart 0 next_atend 0
[NO_PID]: sqlca: code: 0, state: 00000
[NO_PID]: ecpg_cursor_next_pos on line 49: ECPGc_forward new position is in known range
[NO_PID]: sqlca: code: 0, state: 00000
[NO_PID]: ecpg_cursor_move on line 49: final positions: pos 1 atstart 0 atend 0 backend_pos 1 bkatstart 0 bkatend 0 mkbpos_is_last 0 mkbpos 1 return_pos 1
[NO_PID]: sqlca: code: 0, state: 00000
[NO_PID]: ecpg_cursor_fetch on line 49: before ecpg_process_output pos 1 backend_pos 1 cache_start_pos 1 start_idx 0 end_pos 1 cur_amount 1 step 1 cache_step 1 output_step 1
[NO_PID]: sqlca: code: 0, state: 00000
[NO_PID]: ecpg_process_output on line 49: correctly got 1 tuples with 5 fields
[NO_PID]: sqlca: code: 0, state: 00000
[NO_PID]: ecpg_get_data on line 49: RESULT: 1 offset: -1; array: no
[NO_PID]: sqlca: code: 0, state: 00000
[NO_PID]: ecpg_get_data on line 49: RESULT: a offset: -1; array: no
[NO_PID]: sqlca: code: 0, state: 00000
[NO_PID]: ecpg_get_data on line 49: RESULT: 1.0 offset: -1; array: no
[NO_PID]: sqlca: code: 0, state: 00000
[NO_PID]: ecpg_get_data on line 49: RESULT: 2 offset: -1; array: no
[NO_PID]: sqlca: code: 0, state: 00000
[NO_PID]: ecpg_get_data on line 49: RESULT: a          offset: -1; array: no
[NO_PID]: sqlca: code: 0, state: 00000
[NO_PID]: ecpg_cursor_move on line 49: ECPGc_forward 0 fetchall 0 current positions: pos 1 atstart 0 atend 0 backend_pos 1 bkatstart 0 bkatend 0 mkbpos_is_last 0 mkbpos 1
[NO_PID]: sqlca: code: 0, state: 00000
[NO_PID]: ecpg_cursor_next_pos on line 49: ECPGc_forward 0 (-1) current positions: pos 1 atstart 0 atend 0 backend_pos 1 bkatstart 0 bkatend 0 mkbpos_is_last 0 mkbpos 1
[NO_PID]: sqlca: code: 0, state: 00000
[NO_PID]: ecpg_cursor_next_pos on line 49: ECPGc_forward set wanted_pos 1
[NO_PID]: sqlca: code: 0, state: 00000
[NO_PID]: ecpg_cursor_next_pos on line 49: ECPGc_forward 0 (-1) prediction wanted_pos 1 next_atstart 0 next_atend 0
[NO_PID]: sqlca: code: 0, state: 00000
[NO_PID]: ecpg_cursor_next_pos on line 49: ECPGc_forward new position is in known range
[NO_PID]: sqlca: code: 0, state: 00000
[NO_PID]: ecpg_cursor_move on line 49: final positions: pos 1 atstart 0 atend 0 backend_pos 1 bkatstart 0 bkatend 0 mkbpos_is_last 0 mkbpos 1 return_pos 1
[NO_PID]: sqlca: code: 0, state: 00000
[NO_PID]: ecpg_cursor_fetch on line 49: ECPGc_forward return 1 tuples
[NO_PID]: sqlca: code: 0, state: 00000
[NO_PID]: ecpg_cursor_fetch on line 49: final positions: pos 1 atstart 0 atend 0 backend_pos 1 bkatstart 0 bkatend 0 mkbpos_is_last 0 mkbpos 1
[NO_PID]: sqlca: code: 0, state: 00000
[NO_PID]: ECPGfetch on line 49: fetch/move amount: "1"
[NO_PID]: sqlca: code: 0, state: 00000
[NO_PID]: ECPGfetch on line 49: query: fetch mycur
[NO_PID]: sqlca: code: 0, state: 00000
[NO_PID]: ecpg_cursor_fetch on line 49: ECPGc_forward 1 fetchall 0 current positions: pos 1 atstart 0 atend 0 backend_pos 1 bkatstart 0 bkatend 0 mkbpos_is_last 0 mkbpos 1
[NO_PID]: sqlca: code: 0, state: 00000
[NO_PID]: ecpg_cursor_fetch on line 49: ECPGc_forward/ECPGc_backward 1 backward 0 fetchall 0
[NO_PID]: sqlca: code: 0, state: 00000
[NO_PID]: ecpg_cursor_next_pos on line 49: ECPGc_forward 1 (-1) current positions: pos 1 atstart 0 atend 0 backend_pos 1 bkatstart 0 bkatend 0 mkbpos_is_last 0 mkbpos 1
[NO_PID]: sqlca: code: 0, state: 00000
[NO_PID]: ecpg_cursor_next_pos on line 49: ECPGc_forward set wanted_pos 2
[NO_PID]: sqlca: code: 0, state: 00000
[NO_PID]: ecpg_cursor_next_pos on line 49: ECPGc_forward 1 (-1) prediction wanted_pos 2 next_atstart 0 next_atend 0
[NO_PID]: sqlca: code: 0, state: 00000
[NO_PID]: ecpg_cursor_next_pos on line 49: ECPGc_forward new position is beyond known range
[NO_PID]: sqlca: code: 0, state: 00000
[NO_PID]: ecpg_cursor_execute on line 49: current positions: pos 1 atstart 0 atend 0 backend_pos 1 bkatstart 0 bkatend 0 mkbpos_is_last 0 mkbpos 1
[NO_PID]: sqlca: code: 0, state: 00000
[NO_PID]: ecpg_cursor_execute on line 49: next position: next_pos 2 next_atstart 0 next_atend 0 backward 0
[NO_PID]: sqlca: code: 0, state: 00000
[NO_PID]: ecpg_cursor_execute on line 49: start_pos 1 end_pos 1 cur->backward 0 next_pos 2 next_atstart 0 next_atend 0 backward 0
[NO_PID]: sqlca: code: 0, state: 00000
[NO_PID]: ecpg_cursor_execute on line 49: do_fetch bkatstart 0 bkatend 0 backend_pos 1
[NO_PID]: sqlca: code: 0, state: 00000
[NO_PID]: ecpg_execute on line 49: query: fetch forward 1 from mycur; with 0 parameter(s) on connection ecpg1_regression
[NO_PID]: sqlca: code: 0, state: 00000
[NO_PID]: ecpg_execute on line 49: using PQexec
[NO_PID]: sqlca: code: 0, state: 00000
[NO_PID]: ecpg_cursor_execute on line 49: after fetch ntuples 1 backward 0 bkatstart 0 bkatend 0 backend_pos 1
[NO_PID]: sqlca: code: 0, state: 00000
[NO_PID]: ecpg_cursor_execute on line 49: mkbpos set 2
[NO_PID]: sqlca: code: 0, state: 00000
[NO_PID]: ecpg_cursor_execute on line 49: cache populated start_pos 2 ntuples 1 backward 0 mkbpos 2
[NO_PID]: sqlca: code: 0, state: 00000
[NO_PID]: ecpg_cursor_move on line 49: ECPGc_forward 1 fetchall 0 current positions: pos 1 atstart 0 atend 0 backend_pos 2 bkatstart 0 bkatend 0 mkbpos_is_last 0 mkbpos 2
[NO_PID]: sqlca: code: 0, state: 00000
[NO_PID]: ecpg_cursor_next_pos on line 49: ECPGc_forward 1 (-1) current positions: pos 1 atstart 0 atend 0 backend_pos 2 bkatstart 0 bkatend 0 mkbpos_is_last 0 mkbpos 2
[NO_PID]: sqlca: code: 0, state: 00000
[NO_PID]: ecpg_cursor_next_pos on line 49: ECPGc_forward set wanted_pos 2
[NO_PID]: sqlca: code: 0, state: 00000
[NO_PID]: ecpg_cursor_next_pos on line 49: ECPGc_forward 1 (-1) prediction wanted_pos 2 next_atstart 0 next_atend 0
[NO_PID]: sqlca: code: 0, state: 00000
[NO_PID]: ecpg_cursor_next_pos on line 49: ECPGc_forward new position is in known range
[NO_PID]: sqlca: code: 0, state: 00000
[NO_PID]: ecpg_cursor_move on line 49: final positions: pos 2 atstart 0 atend 0 backend_pos 2 bkatstart 0 bkatend 0 mkbpos_is_last 0 mkbpos 2 return_pos 1
[NO_PID]: sqlca: code: 0, state: 00000
[NO_PID]: ecpg_cursor_fetch on line 49: before ecpg_process_output pos 2 backend_pos 2 cache_start_pos 2 start_idx 0 end_pos 2 cur_amount 1 step 1 cache_step 1 output_step 1
[NO_PID]: sqlca: code: 0, state: 00000
[NO_PID]: ecpg_process_output on line 49: correctly got 1 tuples with 5 fields
[NO_PID]: sqlca: code: 0, state: 00000
[NO_PID]: ecpg_get_data on line 49: RESULT: 2 offset: -1; array: no
[NO_PID]: sqlca: code: 0, state: 00000
[NO_PID]: ecpg_get_data on line 49: RESULT:  offset: -1; array: no
[NO_PID]: sqlca: code: 0, state: 00000
[NO_PID]: ecpg_get_data on line 49: RESULT:  offset: -1; array: no
[NO_PID]: sqlca: code: 0, state: 00000
[NO_PID]: ecpg_get_data on line 49: RESULT:  offset: -1; array: no
[NO_PID]: sqlca: code: 0, state: 00000
[NO_PID]: ecpg_get_data on line 49: RESULT:  offset: -1; array: no
[NO_PID]: sqlca: code: 0, state: 00000
[NO_PID]: ecpg_cursor_move on line 49: ECPGc_forward 0 fetchall 0 current positions: pos 2 atstart 0 atend 0 backend_pos 2 bkatstart 0 bkatend 0 mkbpos_is_last 0 mkbpos 2
[NO_PID]: sqlca: code: 0, state: 00000
[NO_PID]: ecpg_cursor_next_pos on line 49: ECPGc_forward 0 (-1) current positions: pos 2 atstart 0 atend 0 backend_pos 2 bkatstart 0 bkatend 0 mkbpos_is_last 0 mkbpos 2
[NO_PID]: sqlca: code: 0, state: 00000
[NO_PID]: ecpg_cursor_next_pos on line 49: ECPGc_forward set wanted_pos 2
[NO_PID]: sqlca: code: 0, state: 00000
[NO_PID]: ecpg_cursor_next_pos on line 49: ECPGc_forward 0 (-1) prediction wanted_pos 2 next_atstart 0 next_atend 0
[NO_PID]: sqlca: code: 0, state: 00000
[NO_PID]: ecpg_cursor_next_pos on line 49: ECPGc_forward new position is in known range
[NO_PID]: sqlca: code: 0, state: 00000
[NO_PID]: ecpg_cursor_move on line 49: final positions: pos 2 atstart 0 atend 0 backend_pos 2 bkatstart 0 bkatend 0 mkbpos_is_last 0 mkbpos 2 return_pos 1
[NO_PID]: sqlca: code: 0, state: 00000
[NO_PID]: ecpg_cursor_fetch on line 49: ECPGc_forward return 1 tuples
[NO_PID]: sqlca: code: 0, state: 00000
[NO_PID]: ecpg_cursor_fetch on line 49: final positions: pos 2 atstart 0 atend 0 backend_pos 2 bkatstart 0 bkatend 0 mkbpos_is_last 0 mkbpos 2
[NO_PID]: sqlca: code: 0, state: 00000
[NO_PID]: ECPGfetch on line 49: fetch/move amount: "1"
[NO_PID]: sqlca: code: 0, state: 00000
[NO_PID]: ECPGfetch on line 49: query: fetch mycur
[NO_PID]: sqlca: code: 0, state: 00000
[NO_PID]: ecpg_cursor_fetch on line 49: ECPGc_forward 1 fetchall 0 current positions: pos 2 atstart 0 atend 0 backend_pos 2 bkatstart 0 bkatend 0 mkbpos_is_last 0 mkbpos 2
[NO_PID]: sqlca: code: 0, state: 00000
[NO_PID]: ecpg_cursor_fetch on line 49: ECPGc_forward/ECPGc_backward 1 backward 0 fetchall 0
[NO_PID]: sqlca: code: 0, state: 00000
[NO_PID]: ecpg_cursor_next_pos on line 49: ECPGc_forward 1 (-1) current positions: pos 2 atstart 0 atend 0 backend_pos 2 bkatstart 0 bkatend 0 mkbpos_is_last 0 mkbpos 2
[NO_PID]: sqlca: code: 0, state: 00000
[NO_PID]: ecpg_cursor_next_pos on line 49: ECPGc_forward set wanted_pos 3
[NO_PID]: sqlca: code: 0, state: 00000
[NO_PID]: ecpg_cursor_next_pos on line 49: ECPGc_forward 1 (-1) prediction wanted_pos 3 next_atstart 0 next_atend 0
[NO_PID]: sqlca: code: 0, state: 00000
[NO_PID]: ecpg_cursor_next_pos on line 49: ECPGc_forward new position is beyond known range
[NO_PID]: sqlca: code: 0, state: 00000
[NO_PID]: ecpg_cursor_execute on line 49: current positions: pos 2 atstart 0 atend 0 backend_pos 2 bkatstart 0 bkatend 0 mkbpos_is_last 0 mkbpos 2
[NO_PID]: sqlca: code: 0, state: 00000
[NO_PID]: ecpg_cursor_execute on line 49: next position: next_pos 3 next_atstart 0 next_atend 0 backward 0
[NO_PID]: sqlca: code: 0, state: 00000
[NO_PID]: ecpg_cursor_execute on line 49: start_pos 2 end_pos 2 cur->backward 0 next_pos 3 next_atstart 0 next_atend 0 backward 0
[NO_PID]: sqlca: code: 0, state: 00000
[NO_PID]: ecpg_cursor_execute on line 49: do_fetch bkatstart 0 bkatend 0 backend_pos 2
[NO_PID]: sqlca: code: 0, state: 00000
[NO_PID]: ecpg_execute on line 49: query: fetch forward 1 from mycur; with 0 parameter(s) on connection ecpg1_regression
[NO_PID]: sqlca: code: 0, state: 00000
[NO_PID]: ecpg_execute on line 49: using PQexec
[NO_PID]: sqlca: code: 0, state: 00000
[NO_PID]: ecpg_cursor_execute on line 49: after fetch ntuples 1 backward 0 bkatstart 0 bkatend 0 backend_pos 2
[NO_PID]: sqlca: code: 0, state: 00000
[NO_PID]: ecpg_cursor_execute on line 49: mkbpos set 3
[NO_PID]: sqlca: code: 0, state: 00000
[NO_PID]: ecpg_cursor_execute on line 49: cache populated start_pos 3 ntuples 1 backward 0 mkbpos 3
[NO_PID]: sqlca: code: 0, state: 00000
[NO_PID]: ecpg_cursor_move on line 49: ECPGc_forward 1 fetchall 0 current positions: pos 2 atstart 0 atend 0 backend_pos 3 bkatstart 0 bkatend 0 mkbpos_is_last 0 mkbpos 3
[NO_PID]: sqlca: code: 0, state: 00000
[NO_PID]: ecpg_cursor_next_pos on line 49: ECPGc_forward 1 (-1) current positions: pos 2 atstart 0 atend 0 backend_pos 3 bkatstart 0 bkatend 0 mkbpos_is_last 0 mkbpos 3
[NO_PID]: sqlca: code: 0, state: 00000
[NO_PID]: ecpg_cursor_next_pos on line 49: ECPGc_forward set wanted_pos 3
[NO_PID]: sqlca: code: 0, state: 00000
[NO_PID]: ecpg_cursor_next_pos on line 49: ECPGc_forward 1 (-1) prediction wanted_pos 3 next_atstart 0 next_atend 0
[NO_PID]: sqlca: code: 0, state: 00000
[NO_PID]: ecpg_cursor_next_pos on line 49: ECPGc_forward new position is in known range
[NO_PID]: sqlca: code: 0, state: 00000
[NO_PID]: ecpg_cursor_move on line 49: final positions: pos 3 atstart 0 atend 0 backend_pos 3 bkatstart 0 bkatend 0 mkbpos_is_last 0 mkbpos 3 return_pos 1
[NO_PID]: sqlca: code: 0, state: 00000
[NO_PID]: ecpg_cursor_fetch on line 49: before ecpg_process_output pos 3 backend_pos 3 cache_start_pos 3 start_idx 0 end_pos 3 cur_amount 1 step 1 cache_step 1 output_step 1
[NO_PID]: sqlca: code: 0, state: 00000
[NO_PID]: ecpg_process_output on line 49: correctly got 1 tuples with 5 fields
[NO_PID]: sqlca: code: 0, state: 00000
[NO_PID]: ecpg_get_data on line 49: RESULT: 3 offset: -1; array: no
[NO_PID]: sqlca: code: 0, state: 00000
[NO_PID]: ecpg_get_data on line 49: RESULT: b offset: -1; array: no
[NO_PID]: sqlca: code: 0, state: 00000
[NO_PID]: ecpg_get_data on line 49: RESULT: 2.0 offset: -1; array: no
[NO_PID]: sqlca: code: 0, state: 00000
[NO_PID]: ecpg_get_data on line 49: RESULT: 3 offset: -1; array: no
[NO_PID]: sqlca: code: 0, state: 00000
[NO_PID]: ecpg_get_data on line 49: RESULT: b          offset: -1; array: no
[NO_PID]: sqlca: code: 0, state: 00000
[NO_PID]: ecpg_cursor_move on line 49: ECPGc_forward 0 fetchall 0 current positions: pos 3 atstart 0 atend 0 backend_pos 3 bkatstart 0 bkatend 0 mkbpos_is_last 0 mkbpos 3
[NO_PID]: sqlca: code: 0, state: 00000
[NO_PID]: ecpg_cursor_next_pos on line 49: ECPGc_forward 0 (-1) current positions: pos 3 atstart 0 atend 0 backend_pos 3 bkatstart 0 bkatend 0 mkbpos_is_last 0 mkbpos 3
[NO_PID]: sqlca: code: 0, state: 00000
[NO_PID]: ecpg_cursor_next_pos on line 49: ECPGc_forward set wanted_pos 3
[NO_PID]: sqlca: code: 0, state: 00000
[NO_PID]: ecpg_cursor_next_pos on line 49: ECPGc_forward 0 (-1) prediction wanted_pos 3 next_atstart 0 next_atend 0
[NO_PID]: sqlca: code: 0, state: 00000
[NO_PID]: ecpg_cursor_next_pos on line 49: ECPGc_forward new position is in known range
[NO_PID]: sqlca: code: 0, state: 00000
[NO_PID]: ecpg_cursor_move on line 49: final positions: pos 3 atstart 0 atend 0 backend_pos 3 bkatstart 0 bkatend 0 mkbpos_is_last 0 mkbpos 3 return_pos 1
[NO_PID]: sqlca: code: 0, state: 00000
[NO_PID]: ecpg_cursor_fetch on line 49: ECPGc_forward return 1 tuples
[NO_PID]: sqlca: code: 0, state: 00000
[NO_PID]: ecpg_cursor_fetch on line 49: final positions: pos 3 atstart 0 atend 0 backend_pos 3 bkatstart 0 bkatend 0 mkbpos_is_last 0 mkbpos 3
[NO_PID]: sqlca: code: 0, state: 00000
[NO_PID]: ECPGfetch on line 49: fetch/move amount: "1"
[NO_PID]: sqlca: code: 0, state: 00000
[NO_PID]: ECPGfetch on line 49: query: fetch mycur
[NO_PID]: sqlca: code: 0, state: 00000
[NO_PID]: ecpg_cursor_fetch on line 49: ECPGc_forward 1 fetchall 0 current positions: pos 3 atstart 0 atend 0 backend_pos 3 bkatstart 0 bkatend 0 mkbpos_is_last 0 mkbpos 3
[NO_PID]: sqlca: code: 0, state: 00000
[NO_PID]: ecpg_cursor_fetch on line 49: ECPGc_forward/ECPGc_backward 1 backward 0 fetchall 0
[NO_PID]: sqlca: code: 0, state: 00000
[NO_PID]: ecpg_cursor_next_pos on line 49: ECPGc_forward 1 (-1) current positions: pos 3 atstart 0 atend 0 backend_pos 3 bkatstart 0 bkatend 0 mkbpos_is_last 0 mkbpos 3
[NO_PID]: sqlca: code: 0, state: 00000
[NO_PID]: ecpg_cursor_next_pos on line 49: ECPGc_forward set wanted_pos 4
[NO_PID]: sqlca: code: 0, state: 00000
[NO_PID]: ecpg_cursor_next_pos on line 49: ECPGc_forward 1 (-1) prediction wanted_pos 4 next_atstart 0 next_atend 0
[NO_PID]: sqlca: code: 0, state: 00000
[NO_PID]: ecpg_cursor_next_pos on line 49: ECPGc_forward new position is beyond known range
[NO_PID]: sqlca: code: 0, state: 00000
[NO_PID]: ecpg_cursor_execute on line 49: current positions: pos 3 atstart 0 atend 0 backend_pos 3 bkatstart 0 bkatend 0 mkbpos_is_last 0 mkbpos 3
[NO_PID]: sqlca: code: 0, state: 00000
[NO_PID]: ecpg_cursor_execute on line 49: next position: next_pos 4 next_atstart 0 next_atend 0 backward 0
[NO_PID]: sqlca: code: 0, state: 00000
[NO_PID]: ecpg_cursor_execute on line 49: start_pos 3 end_pos 3 cur->backward 0 next_pos 4 next_atstart 0 next_atend 0 backward 0
[NO_PID]: sqlca: code: 0, state: 00000
[NO_PID]: ecpg_cursor_execute on line 49: do_fetch bkatstart 0 bkatend 0 backend_pos 3
[NO_PID]: sqlca: code: 0, state: 00000
[NO_PID]: ecpg_execute on line 49: query: fetch forward 1 from mycur; with 0 parameter(s) on connection ecpg1_regression
[NO_PID]: sqlca: code: 0, state: 00000
[NO_PID]: ecpg_execute on line 49: using PQexec
[NO_PID]: sqlca: code: 0, state: 00000
[NO_PID]: ecpg_cursor_execute on line 49: after fetch ntuples 0 backward 0 bkatstart 0 bkatend 0 backend_pos 3
[NO_PID]: sqlca: code: 0, state: 00000
[NO_PID]: ecpg_cursor_execute on line 49: mkbpos set 3
[NO_PID]: sqlca: code: 0, state: 00000
[NO_PID]: ecpg_cursor_execute on line 49: mkbpos_is_last is set
[NO_PID]: sqlca: code: 0, state: 00000
[NO_PID]: ecpg_cursor_execute on line 49: cache populated start_pos 4 ntuples 0 backward 0 mkbpos 3
[NO_PID]: sqlca: code: 0, state: 00000
[NO_PID]: ecpg_cursor_move on line 49: ECPGc_forward 1 fetchall 0 current positions: pos 3 atstart 0 atend 0 backend_pos 4 bkatstart 0 bkatend 1 mkbpos_is_last 1 mkbpos 3
[NO_PID]: sqlca: code: 0, state: 00000
[NO_PID]: ecpg_cursor_next_pos on line 49: ECPGc_forward 1 (-1) current positions: pos 3 atstart 0 atend 0 backend_pos 4 bkatstart 0 bkatend 1 mkbpos_is_last 1 mkbpos 3
[NO_PID]: sqlca: code: 0, state: 00000
[NO_PID]: ecpg_cursor_next_pos on line 49: ECPGc_forward set wanted_pos 4
[NO_PID]: sqlca: code: 0, state: 00000
[NO_PID]: ecpg_cursor_next_pos on line 49: ECPGc_forward 1 (-1) prediction wanted_pos 4 next_atstart 0 next_atend 0
[NO_PID]: sqlca: code: 0, state: 00000
[NO_PID]: ecpg_cursor_next_pos on line 49: ECPGc_forward new position is known last position
[NO_PID]: sqlca: code: 0, state: 00000
[NO_PID]: ecpg_cursor_move on line 49: final positions: pos 4 atstart 0 atend 1 backend_pos 4 bkatstart 0 bkatend 1 mkbpos_is_last 1 mkbpos 3 return_pos 0
[NO_PID]: sqlca: code: 0, state: 00000
[NO_PID]: ecpg_cursor_fetch on line 49: ECPGc_forward return 0 tuples
[NO_PID]: sqlca: code: 0, state: 00000
[NO_PID]: raising sqlcode 100 on line 49: no data found on line 49
[NO_PID]: sqlca: code: 100, state: 02000
[NO_PID]: ecpg_execute on line 58: query: close mycur; with 0 parameter(s) on connection ecpg1_regression
[NO_PID]: sqlca: code: 0, state: 00000
[NO_PID]: ecpg_execute on line 58: using PQexec
[NO_PID]: sqlca: code: 0, state: 00000
[NO_PID]: ecpg_process_output on line 58: OK: CLOSE CURSOR
[NO_PID]: sqlca: code: 0, state: 00000
[NO_PID]: ecpg_execute on line 118: query: drop table a1; with 0 parameter(s) on connection ecpg1_regression
[NO_PID]: sqlca: code: 0, state: 00000
[NO_PID]: ecpg_execute on line 118: using PQexec
[NO_PID]: sqlca: code: 0, state: 00000
[NO_PID]: ecpg_process_output on line 118: OK: DROP TABLE
[NO_PID]: sqlca: code: 0, state: 00000
[NO_PID]: ECPGtrans on line 121: action "commit"; connection "ecpg1_regression"
[NO_PID]: sqlca: code: 0, state: 00000
[NO_PID]: ecpg_finish: connection ecpg1_regression closed
[NO_PID]: sqlca: code: 0, state: 00000
